[     445ms] [INFO] %cDownload the React DevTools for a better development experience: https://react.dev/link/react-devtools font-weight:bold @ webpack-internal:///(app-pages-browser)/./node_modules/next/dist/compiled/react-dom/cjs/react-dom-client.development.js:25630
[     796ms] [ERROR] Failed to load resource: the server responded with a status of 404 (Not Found) @ http://localhost:3000/favicon.ico:0
[    3479ms] [LOG] [Fast Refresh] rebuilding @ webpack-internal:///(app-pages-browser)/./node_modules/next/dist/client/dev/hot-reloader/app/hot-reloader-app.js:196
[    3616ms] [LOG] [Fast Refresh] done in 137ms @ webpack-internal:///(app-pages-browser)/./node_modules/next/dist/client/dev/report-hmr-latency.js:13
[    3657ms] [WARNING] Detected `scroll-behavior: smooth` on the `<html>` element. In a future version, Next.js will no longer automatically disable smooth scrolling during route transitions. To prepare for this change, add `data-scroll-behavior="smooth"` to your <html> element. Learn more: https://nextjs.org/docs/messages/missing-data-scroll-behavior @ webpack-internal:///(app-pages-browser)/./node_modules/next/dist/shared/lib/utils/warn-once.js:15
[  676167ms] [LOG] [Fast Refresh] rebuilding @ webpack-internal:///(app-pages-browser)/./node_modules/next/dist/client/dev/hot-reloader/app/hot-reloader-app.js:196
[  676463ms] [LOG] [Fast Refresh] done in 296ms @ webpack-internal:///(app-pages-browser)/./node_modules/next/dist/client/dev/report-hmr-latency.js:13
[  676466ms] [LOG] [Fast Refresh] rebuilding @ webpack-internal:///(app-pages-browser)/./node_modules/next/dist/client/dev/hot-reloader/app/hot-reloader-app.js:196
[  676748ms] [LOG] [Fast Refresh] done in 282ms @ webpack-internal:///(app-pages-browser)/./node_modules/next/dist/client/dev/report-hmr-latency.js:13
[  677589ms] [LOG] [Fast Refresh] rebuilding @ webpack-internal:///(app-pages-browser)/./node_modules/next/dist/client/dev/hot-reloader/app/hot-reloader-app.js:196
[  677675ms] [LOG] [Fast Refresh] done in 86ms @ webpack-internal:///(app-pages-browser)/./node_modules/next/dist/client/dev/report-hmr-latency.js:13
[  687309ms] [LOG] [Fast Refresh] rebuilding @ webpack-internal:///(app-pages-browser)/./node_modules/next/dist/client/dev/hot-reloader/app/hot-reloader-app.js:196
[  687433ms] [LOG] [Fast Refresh] done in 125ms @ webpack-internal:///(app-pages-browser)/./node_modules/next/dist/client/dev/report-hmr-latency.js:13
[  698776ms] [LOG] [Fast Refresh] rebuilding @ webpack-internal:///(app-pages-browser)/./node_modules/next/dist/client/dev/hot-reloader/app/hot-reloader-app.js:196
[  698869ms] [LOG] [Fast Refresh] done in 93ms @ webpack-internal:///(app-pages-browser)/./node_modules/next/dist/client/dev/report-hmr-latency.js:13
[  709622ms] [LOG] [Fast Refresh] rebuilding @ webpack-internal:///(app-pages-browser)/./node_modules/next/dist/client/dev/hot-reloader/app/hot-reloader-app.js:196
[  709709ms] [LOG] [Fast Refresh] done in 86ms @ webpack-internal:///(app-pages-browser)/./node_modules/next/dist/client/dev/report-hmr-latency.js:13
[  720461ms] [LOG] [Fast Refresh] rebuilding @ webpack-internal:///(app-pages-browser)/./node_modules/next/dist/client/dev/hot-reloader/app/hot-reloader-app.js:196
[  720575ms] [LOG] [Fast Refresh] done in 113ms @ webpack-internal:///(app-pages-browser)/./node_modules/next/dist/client/dev/report-hmr-latency.js:13
[  727355ms] [LOG] [Fast Refresh] rebuilding @ webpack-internal:///(app-pages-browser)/./node_modules/next/dist/client/dev/hot-reloader/app/hot-reloader-app.js:196
[  727441ms] [LOG] [Fast Refresh] done in 86ms @ webpack-internal:///(app-pages-browser)/./node_modules/next/dist/client/dev/report-hmr-latency.js:13
[  733018ms] [LOG] [Fast Refresh] rebuilding @ webpack-internal:///(app-pages-browser)/./node_modules/next/dist/client/dev/hot-reloader/app/hot-reloader-app.js:196
[  733160ms] [LOG] [Fast Refresh] done in 142ms @ webpack-internal:///(app-pages-browser)/./node_modules/next/dist/client/dev/report-hmr-latency.js:13
[  733677ms] [LOG] [Fast Refresh] rebuilding @ webpack-internal:///(app-pages-browser)/./node_modules/next/dist/client/dev/hot-reloader/app/hot-reloader-app.js:196
[  733756ms] [LOG] [Fast Refresh] done in 79ms @ webpack-internal:///(app-pages-browser)/./node_modules/next/dist/client/dev/report-hmr-latency.js:13
[ 1789071ms] [LOG] [Fast Refresh] rebuilding @ webpack-internal:///(app-pages-browser)/./node_modules/next/dist/client/dev/hot-reloader/app/hot-reloader-app.js:196
[ 1789377ms] [LOG] [Fast Refresh] done in 306ms @ webpack-internal:///(app-pages-browser)/./node_modules/next/dist/client/dev/report-hmr-latency.js:13
[ 1789920ms] [ERROR] Failed to load resource: the server responded with a status of 500 (Internal Server Error) @ http://localhost:3000/emi-calculator?_rsc=t9YkCkbQbcjHG5Kr:0
[ 1790148ms] [ERROR] Failed to load resource: the server responded with a status of 500 (Internal Server Error) @ http://localhost:3000/emi-calculator?_rsc=t9YkCkbQbcjHG5Kr:0
[ 1790414ms] [ERROR] Failed to load resource: the server responded with a status of 500 (Internal Server Error) @ http://localhost:3000/emi-calculator:0
[ 1790611ms] [INFO] %cDownload the React DevTools for a better development experience: https://reactjs.org/link/react-devtools font-weight:bold @ webpack-internal:///(pages-dir-browser)/./node_modules/react-dom/cjs/react-dom.development.js:29889
[ 1790673ms] Error: Cannot find module './331.js'
Require stack:
- /Users/rafi/Projects/indiatools/.next/server/webpack-runtime.js
- /Users/rafi/Projects/indiatools/.next/server/pages/_document.js
- /Users/rafi/Projects/indiatools/node_modules/next/dist/server/require.js
- /Users/rafi/Projects/indiatools/node_modules/next/dist/server/load-components.js
- /Users/rafi/Projects/indiatools/node_modules/next/dist/build/utils.js
- /Users/rafi/Projects/indiatools/node_modules/next/dist/build/swc/options.js
- /Users/rafi/Projects/indiatools/node_modules/next/dist/build/swc/index.js
- /Users/rafi/Projects/indiatools/node_modules/next/dist/build/next-config-ts/transpile-config.js
- /Users/rafi/Projects/indiatools/node_modules/next/dist/server/config.js
- /Users/rafi/Projects/indiatools/node_modules/next/dist/server/next.js
- /Users/rafi/Projects/indiatools/node_modules/next/dist/server/lib/start-server.js
    at Module.<anonymous> (node:internal/modules/cjs/loader:1475:15)
    at <unknown> (file:///Users/rafi/Projects/indiatools/node_modules/next/dist/server/require-hook.js:57:36)
    at wrapResolveFilename (node:internal/modules/cjs/loader:1048:27)
    at defaultResolveImplForCJSLoading (node:internal/modules/cjs/loader:1072:10)
    at resolveForCJSWithHooks (node:internal/modules/cjs/loader:1093:12)
    at Module._load (node:internal/modules/cjs/loader:1261:25)
    at wrapModuleLoad (node:internal/modules/cjs/loader:255:19)
    at Module.<anonymous> (node:internal/modules/cjs/loader:1575:12)
    at mod.require (file:///Users/rafi/Projects/indiatools/node_modules/next/dist/server/require-hook.js:68:28)
    at require (node:internal/modules/helpers:191:16)
    at __webpack_require__.f.require (file:///Users/rafi/Projects/indiatools/.next/server/webpack-runtime.js:190:28)
    at <unknown> (file:///Users/rafi/Projects/indiatools/.next/server/webpack-runtime.js:103:40)
    at Array.reduce (<anonymous>)
    at __webpack_require__.e (file:///Users/rafi/Projects/indiatools/.next/server/webpack-runtime.js:102:67)
    at Array.map (<anonymous>)
    at __webpack_require__.X (file:///Users/rafi/Projects/indiatools/.next/server/webpack-runtime.js:154:22)
    at <unknown> (file:///Users/rafi/Projects/indiatools/.next/server/app/emi-calculator/page.js:2:21790)
    at Object.<anonymous> (file:///Users/rafi/Projects/indiatools/.next/server/app/emi-calculator/page.js:2:21844)
    at Module._compile (node:internal/modules/cjs/loader:1829:14)
    at Object..js (node:internal/modules/cjs/loader:1969:10)
    at Module.load (node:internal/modules/cjs/loader:1552:32)
    at Module._load (node:internal/modules/cjs/loader:1354:12)
    at wrapModuleLoad (node:internal/modules/cjs/loader:255:19)
    at Module.<anonymous> (node:internal/modules/cjs/loader:1575:12)
    at mod.require (file:///Users/rafi/Projects/indiatools/node_modules/next/dist/server/require-hook.js:68:28)
    at require (node:internal/modules/helpers:191:16)
    at requirePage (file:///Users/rafi/Projects/indiatools/node_modules/next/dist/server/require.js:99:80)
    at loadComponentsImpl (file:///Users/rafi/Projects/indiatools/node_modules/next/dist/server/load-components.js:132:57)
    at async DevServer.findPageComponentsImpl (file:///Users/rafi/Projects/indiatools/node_modules/next/dist/server/next-server.js:900:36)
    at async DevServer.findPageComponents (file:///Users/rafi/Projects/indiatools/node_modules/next/dist/server/dev/next-dev-server.js:706:16)
    at async DevServer.renderPageComponent (file:///Users/rafi/Projects/indiatools/node_modules/next/dist/server/base-server.js:1468:24)
    at async DevServer.renderToResponseImpl (file:///Users/rafi/Projects/indiatools/node_modules/next/dist/server/base-server.js:1522:32)
    at async DevServer.pipeImpl (file:///Users/rafi/Projects/indiatools/node_modules/next/dist/server/base-server.js:1026:25)
    at async NextNodeServer.handleCatchallRenderRequest (file:///Users/rafi/Projects/indiatools/node_modules/next/dist/server/next-server.js:394:17)
    at async DevServer.handleRequestImpl (file:///Users/rafi/Projects/indiatools/node_modules/next/dist/server/base-server.js:917:17)
    at async (file:///Users/rafi/Projects/indiatools/node_modules/next/dist/server/dev/next-dev-server.js:400:20)
    at async Span.traceAsyncFn (file:///Users/rafi/Projects/indiatools/node_modules/next/dist/trace/trace.js:157:20)
    at async DevServer.handleRequest (file:///Users/rafi/Projects/indiatools/node_modules/next/dist/server/dev/next-dev-server.js:396:24)
    at async invokeRender (file:///Users/rafi/Projects/indiatools/node_modules/next/dist/server/lib/router-server.js:240:21)
    at async handleRequest (file:///Users/rafi/Projects/indiatools/node_modules/next/dist/server/lib/router-server.js:437:24)
    at async requestHandlerImpl (file:///Users/rafi/Projects/indiatools/node_modules/next/dist/server/lib/router-server.js:485:13)
    at async Server.requestListener (file:///Users/rafi/Projects/indiatools/node_modules/next/dist/server/lib/start-server.js:226:13)
[ 1790673ms] [LOG] [HMR] connected @ webpack-internal:///(pages-dir-browser)/./node_modules/next/dist/client/dev/hot-reloader/pages/websocket.js:45
[ 2252035ms] [LOG] [Fast Refresh] rebuilding @ webpack-internal:///(pages-dir-browser)/./node_modules/next/dist/client/dev/hot-reloader/pages/hot-reloader-pages.js:206
[ 2252314ms] [WARNING] [Fast Refresh] performing full reload because your application had an unrecoverable error @ webpack-internal:///(pages-dir-browser)/./node_modules/next/dist/client/dev/hot-reloader/pages/hot-reloader-pages.js:347
[ 2252666ms] [ERROR] Failed to load resource: the server responded with a status of 500 (Internal Server Error) @ http://localhost:3000/emi-calculator:0
[ 2252833ms] [INFO] %cDownload the React DevTools for a better development experience: https://reactjs.org/link/react-devtools font-weight:bold @ webpack-internal:///(pages-dir-browser)/./node_modules/react-dom/cjs/react-dom.development.js:29889
[ 2252852ms] Error: Cannot find module './331.js'
Require stack:
- /Users/rafi/Projects/indiatools/.next/server/webpack-runtime.js
- /Users/rafi/Projects/indiatools/.next/server/pages/_document.js
- /Users/rafi/Projects/indiatools/node_modules/next/dist/server/require.js
- /Users/rafi/Projects/indiatools/node_modules/next/dist/server/load-components.js
- /Users/rafi/Projects/indiatools/node_modules/next/dist/build/utils.js
- /Users/rafi/Projects/indiatools/node_modules/next/dist/build/swc/options.js
- /Users/rafi/Projects/indiatools/node_modules/next/dist/build/swc/index.js
- /Users/rafi/Projects/indiatools/node_modules/next/dist/build/next-config-ts/transpile-config.js
- /Users/rafi/Projects/indiatools/node_modules/next/dist/server/config.js
- /Users/rafi/Projects/indiatools/node_modules/next/dist/server/next.js
- /Users/rafi/Projects/indiatools/node_modules/next/dist/server/lib/start-server.js
    at Module.<anonymous> (node:internal/modules/cjs/loader:1475:15)
    at <unknown> (file:///Users/rafi/Projects/indiatools/node_modules/next/dist/server/require-hook.js:57:36)
    at wrapResolveFilename (node:internal/modules/cjs/loader:1048:27)
    at defaultResolveImplForCJSLoading (node:internal/modules/cjs/loader:1072:10)
    at resolveForCJSWithHooks (node:internal/modules/cjs/loader:1093:12)
    at Module._load (node:internal/modules/cjs/loader:1261:25)
    at wrapModuleLoad (node:internal/modules/cjs/loader:255:19)
    at Module.<anonymous> (node:internal/modules/cjs/loader:1575:12)
    at mod.require (file:///Users/rafi/Projects/indiatools/node_modules/next/dist/server/require-hook.js:68:28)
    at require (node:internal/modules/helpers:191:16)
    at __webpack_require__.f.require (file:///Users/rafi/Projects/indiatools/.next/server/webpack-runtime.js:190:28)
    at <unknown> (file:///Users/rafi/Projects/indiatools/.next/server/webpack-runtime.js:103:40)
    at Array.reduce (<anonymous>)
    at __webpack_require__.e (file:///Users/rafi/Projects/indiatools/.next/server/webpack-runtime.js:102:67)
    at Array.map (<anonymous>)
    at __webpack_require__.X (file:///Users/rafi/Projects/indiatools/.next/server/webpack-runtime.js:154:22)
    at <unknown> (file:///Users/rafi/Projects/indiatools/.next/server/app/emi-calculator/page.js:2:21790)
    at Object.<anonymous> (file:///Users/rafi/Projects/indiatools/.next/server/app/emi-calculator/page.js:2:21844)
    at Module._compile (node:internal/modules/cjs/loader:1829:14)
    at Object..js (node:internal/modules/cjs/loader:1969:10)
    at Module.load (node:internal/modules/cjs/loader:1552:32)
    at Module._load (node:internal/modules/cjs/loader:1354:12)
    at wrapModuleLoad (node:internal/modules/cjs/loader:255:19)
    at Module.<anonymous> (node:internal/modules/cjs/loader:1575:12)
    at mod.require (file:///Users/rafi/Projects/indiatools/node_modules/next/dist/server/require-hook.js:68:28)
    at require (node:internal/modules/helpers:191:16)
    at requirePage (file:///Users/rafi/Projects/indiatools/node_modules/next/dist/server/require.js:99:80)
    at loadComponentsImpl (file:///Users/rafi/Projects/indiatools/node_modules/next/dist/server/load-components.js:132:57)
    at async DevServer.findPageComponentsImpl (file:///Users/rafi/Projects/indiatools/node_modules/next/dist/server/next-server.js:900:36)
    at async DevServer.findPageComponents (file:///Users/rafi/Projects/indiatools/node_modules/next/dist/server/dev/next-dev-server.js:706:16)
    at async DevServer.renderPageComponent (file:///Users/rafi/Projects/indiatools/node_modules/next/dist/server/base-server.js:1468:24)
    at async DevServer.renderToResponseImpl (file:///Users/rafi/Projects/indiatools/node_modules/next/dist/server/base-server.js:1522:32)
    at async DevServer.pipeImpl (file:///Users/rafi/Projects/indiatools/node_modules/next/dist/server/base-server.js:1026:25)
    at async NextNodeServer.handleCatchallRenderRequest (file:///Users/rafi/Projects/indiatools/node_modules/next/dist/server/next-server.js:394:17)
    at async DevServer.handleRequestImpl (file:///Users/rafi/Projects/indiatools/node_modules/next/dist/server/base-server.js:917:17)
    at async (file:///Users/rafi/Projects/indiatools/node_modules/next/dist/server/dev/next-dev-server.js:400:20)
    at async Span.traceAsyncFn (file:///Users/rafi/Projects/indiatools/node_modules/next/dist/trace/trace.js:157:20)
    at async DevServer.handleRequest (file:///Users/rafi/Projects/indiatools/node_modules/next/dist/server/dev/next-dev-server.js:396:24)
    at async invokeRender (file:///Users/rafi/Projects/indiatools/node_modules/next/dist/server/lib/router-server.js:240:21)
    at async handleRequest (file:///Users/rafi/Projects/indiatools/node_modules/next/dist/server/lib/router-server.js:437:24)
    at async requestHandlerImpl (file:///Users/rafi/Projects/indiatools/node_modules/next/dist/server/lib/router-server.js:485:13)
    at async Server.requestListener (file:///Users/rafi/Projects/indiatools/node_modules/next/dist/server/lib/start-server.js:226:13)
[ 2252853ms] [LOG] [HMR] connected @ webpack-internal:///(pages-dir-browser)/./node_modules/next/dist/client/dev/hot-reloader/pages/websocket.js:45
[ 2268806ms] [LOG] [Fast Refresh] rebuilding @ webpack-internal:///(pages-dir-browser)/./node_modules/next/dist/client/dev/hot-reloader/pages/hot-reloader-pages.js:206
[ 2268938ms] [WARNING] [Fast Refresh] performing full reload because your application had an unrecoverable error @ webpack-internal:///(pages-dir-browser)/./node_modules/next/dist/client/dev/hot-reloader/pages/hot-reloader-pages.js:347
[ 2269551ms] [ERROR] Failed to load resource: the server responded with a status of 404 (Not Found) @ http://localhost:3000/_next/static/css/app/layout.css?v=1780550834707:0
[ 2269552ms] [ERROR] Failed to load resource: the server responded with a status of 404 (Not Found) @ http://localhost:3000/_next/static/chunks/main-app.js?v=1780550834707:0
[ 2269552ms] [ERROR] Failed to load resource: the server responded with a status of 404 (Not Found) @ http://localhost:3000/_next/static/chunks/app-pages-internals.js:0
[ 2269552ms] [ERROR] Failed to load resource: the server responded with a status of 404 (Not Found) @ http://localhost:3000/_next/static/chunks/app/emi-calculator/page.js:0
